// Jest Snapshot v1, https://goo.gl/fbAQLP

exports[`MyNotes.test should render correctly in "debug" mode 1`] = `
<div
  className="container"
>
  <div
    className="a"
    data-testid="click"
    href=""
    onClick={[Function]}
  >
    <span
      className="span"
    />
    Mortgage
  </div>
  <div
    className="desc"
  >
    click above button to another UI only project
  </div>
</div>
`;
